run: results/1790874928070051074-3027337
counterexample: property returned false at LLVM line 1996
function: string_map_bad | completed paths: 0 | states: 141 | solver queries: 642 | elapsed: 4.584s
assumption: gimli bodies come from the rustc sysroot's embedded LLVM bitcode
assumption: heap allocation succeeds (the allocator never returns null)
assumption: mutable statics start at their initializers: a fresh program, as in Kani
assumption: one thread: a thread-local is the global's own copy
assumption: std bodies come from the rustc sysroot's embedded LLVM bitcode
assumption: the OS random source (getrandom) fills the whole buffer with arbitrary bytes
assumption: values mixed from the OS random source (e.g. hash keys) are uninterpreted functions of their inputs; counterexamples were confirmed with exact semantics
assumption: 60 solver queries were decided by a racing fresh Z3 or cvc5 (int-blasting)
[falseProperty] /home/zero/Dev/Nexaaly/Phage/examples/string-map.rs:21:2
slowest query: 0.136s (path entering block bb11.i.i.i.i)
solver: 210 checks, 1526 assertions, 4.106s, 60 interrupted, 0 restarts
artifact: results/1790874928070051074-3027337/artifact.ll | block visit bound: 32
report: results/1790874928070051074-3027337/RESULT.json
input mapping: input0=key, input1=value
((input0 #x00)
 (input1 #xff)
 (v59 #x0000000000000ffc)
 (v39 #xfdffffffffffffff))
placement: v59 = address of heap58 (declared alignment 1); a native run picks its own
placement: v39 = address of std::@getrandom (declared alignment 1); a native run picks its own

