run: results/1790879512121884071-548
counterexample: property returned false at LLVM line 918
function: phage_target | completed paths: 13 | states: 136 | solver queries: 642 | elapsed: 1.799s
assumption: 1 solver queries were decided by a racing fresh Z3 or cvc5 (int-blasting)
[falseProperty] /home/zero/Dev/Nexaaly/Phage/evidence/string-maps-work/selfcheck-final-better/1790879502656795566/transfer/mutant4/check.rs:36:2
slowest query: 0.502s (path entering block _ZN5check9knownbits9selfcheck5check17h87964cb262bdf1e7E.exit)
solver: 295 checks, 631 assertions, 1.427s, 1 interrupted, 0 restarts
artifact: results/1790879512121884071-548/artifact.ll | block visit bound: 32
report: results/1790879512121884071-548/RESULT.json
input mapping: input0=op, input1=za, input2=oa, input3=la, input4=ha, input5=x, input6=zb, input7=ob, input8=lb, input9=hb, input10=y
((input0 #x04)
(input1 #xc0)
(input2 #x00)
(input3 #x01)
(input4 #x10)
(input5 #x0b)
(input6 #xc0)
(input7 #x00)
(input8 #x10)
(input9 #x20)
(input10 #x19))

