Kani Rust Verifier 0.68.0 (cargo plugin)
CBMC 6.11.0
warning: use of an unstable feature
 --> <crate attribute>:1:12
  |
1 | #![feature(register_tool)]
  |            ^^^^^^^^^^^^^
  |
  = note: requested on the command line with `--force-warn unstable-features`

warning: Found the following unsupported constructs:
             - caller_location (1)
             - foreign function (1)
         
         Verification will fail if one or more of these constructs is reachable.
         See https://model-checking.github.io/kani/rust-feature-support.html for more details.

Checking harness shared_property...

VERIFICATION RESULT:
 ** 1 of 149 failed (1 unreachable)
Failed Checks: attempt to shift left with overflow
 File: "src/../../examples/../fixtures/nexagate-before/hpack/mod.rs", line 78, in property::hpack::decode_int

VERIFICATION:- FAILED
Verification Time: 5.0826993s

Manual Harness Summary:
Verification failed for - shared_property
Complete - 0 successfully verified harnesses, 1 failures, 1 total.
   Compiling ruhealth-shared-comparison v0.1.0 (/home/zero/Dev/Nexaaly/RuHealth/comparison)
    Finished `dev` profile [unoptimized + debuginfo] target(s) in 1.95s
