Kani Rust Verifier 0.68.0 (cargo plugin)
CBMC 6.11.0
warning: use of an unstable feature
 --> <crate attribute>:1:12
  |
1 | #![feature(register_tool)]
  |            ^^^^^^^^^^^^^
  |
  = note: requested on the command line with `--force-warn unstable-features`

warning: Found the following unsupported constructs:
             - caller_location (1)
             - foreign function (12)
         
         Verification will fail if one or more of these constructs is reachable.
         See https://model-checking.github.io/kani/rust-feature-support.html for more details.

warning: Kani currently does not support concurrency. The following constructs will be treated as sequential operations:
             - atomic_xchg (5)
             - thread local (replaced by static variable) (1)
             - atomic_cxchgweak (15)
             - atomic_load (9)
             - atomic_store (6)
         

    Finished `dev` profile [unoptimized + debuginfo] target(s) in 0.01s
Checking harness shared_property...

runner timeout; inconclusive
