run: results/1791179223128039686-1727673
counterexample: Rust panic call _RNvNtNtCsevLNFiNqfJP_4core9panicking11panic_const24panic_const_shl_overflow at LLVM line 685
function: phage_target | completed paths: 29 | states: 179 | solver queries: 452 | elapsed: 0.618s
assumption: core bodies come from the rustc sysroot's embedded LLVM bitcode
[rustPanic] /home/zero/Dev/Nexaaly/Phage/fixtures/nexagate-before/hpack/mod.rs:78:18
slowest query: 0.007s (path entering block start)
solver: 295 checks, 483 assertions, 0.088s, 0 interrupted, 0 restarts
memory budget: 8192 MiB (sampled process-tree RSS)
artifact: results/1791179223128039686-1727673/artifact.ll | block visit bound: 32
report: results/1791179223128039686-1727673/RESULT.json
input mapping: input0=a, input1=b, input2=c, input3=d, input4=e, input5=f, input6=g, input7=h, input8=i, input9=j, input10=k, input11=l, input12=len, input13=prefix
((input0 #xff)
(input1 #x80)
(input2 #xff)
(input3 #x81)
(input4 #x80)
(input5 #x80)
(input6 #x80)
(input7 #x80)
(input8 #x80)
(input9 #x80)
(input10 #x80)
(input11 #x00)
(input12 #x0c)
(input13 #x08))

