run: results/1790879921578470810-306
counterexample: property returned false at LLVM line 915
function: phage_target | completed paths: 2 | states: 27 | solver queries: 113 | elapsed: 0.324s
[falseProperty] /home/zero/Dev/Nexaaly/Phage/evidence/string-maps-work/selfcheck-final-current/1790879914634829115/transfer/mutant2/check.rs:36:2
slowest query: 0.012s (path entering block _ZN5check9knownbits9selfcheck5check17h87964cb262bdf1e7E.exit)
solver: 50 checks, 117 assertions, 0.053s, 0 interrupted, 0 restarts
artifact: results/1790879921578470810-306/artifact.ll | block visit bound: 32
report: results/1790879921578470810-306/RESULT.json
input mapping: input0=op, input1=za, input2=oa, input3=la, input4=ha, input5=x, input6=zb, input7=ob, input8=lb, input9=hb, input10=y
((input0 #x0a)
(input1 #x89)
(input2 #x04)
(input3 #x47)
(input4 #x10)
(input5 #x04)
(input6 #x7a)
(input7 #x00)
(input8 #x01)
(input9 #x00)
(input10 #x01))

