run: results/1790879923957496499-457
counterexample: property returned false at LLVM line 918
function: phage_target | completed paths: 13 | states: 136 | solver queries: 642 | elapsed: 1.752s
assumption: 1 solver queries were decided by a racing fresh Z3 or cvc5 (int-blasting)
[falseProperty] /home/zero/Dev/Nexaaly/Phage/evidence/string-maps-work/selfcheck-final-current/1790879914634829115/transfer/mutant4/check.rs:36:2
slowest query: 0.512s (path entering block _ZN5check9knownbits9selfcheck5check17h87964cb262bdf1e7E.exit)
solver: 295 checks, 631 assertions, 1.410s, 1 interrupted, 0 restarts
artifact: results/1790879923957496499-457/artifact.ll | block visit bound: 32
report: results/1790879923957496499-457/RESULT.json
input mapping: input0=op, input1=za, input2=oa, input3=la, input4=ha, input5=x, input6=zb, input7=ob, input8=lb, input9=hb, input10=y
((input0 #x04)
(input1 #xc0)
(input2 #x00)
(input3 #x01)
(input4 #x00)
(input5 #x01)
(input6 #x03)
(input7 #x00)
(input8 #x01)
(input9 #x00)
(input10 #x1c))

