Kani Rust Verifier 0.68.0 (cargo plugin)
CBMC 6.11.0
error: trailing semicolon in macro used in expression position
 --> src/../../examples/issue-4874-assert-forms.rs:4:15
  |
4 | const _: () = assert!(true);
  |               ^^^^^^^^^^^^^
  |
  = warning: this was previously accepted by the compiler but is being phased out; it will become a hard error in a future release!
  = note: for more information, see issue #79813 <https://github.com/rust-lang/rust/issues/79813>
note: the lint level is defined here
 --> src/../../examples/issue-4874-assert-forms.rs:3:9
  |
3 | #![deny(warnings)]
  |         ^^^^^^^^
  = note: `#[deny(semicolon_in_expressions_from_non_local_macros)]` implied by `#[deny(warnings)]`
  = note: this error originates in the macro `assert` (in Nightly builds, run with -Z macro-backtrace for more info)

error: trailing semicolon in macro used in expression position
 --> src/../../examples/issue-4874-assert-forms.rs:5:23
  |
5 | const _: () = const { assert!(2 + 2 == 4) };
  |                       ^^^^^^^^^^^^^^^^^^^
  |
  = note: macro invocations at the end of a block are treated as expressions
  = note: to ignore the value produced by the macro, add a semicolon after the invocation of `assert`
  = warning: this was previously accepted by the compiler but is being phased out; it will become a hard error in a future release!
  = note: for more information, see issue #79813 <https://github.com/rust-lang/rust/issues/79813>
  = note: this error originates in the macro `assert` (in Nightly builds, run with -Z macro-backtrace for more info)

error: trailing semicolon in macro used in expression position
  --> src/../../examples/issue-4874-assert-forms.rs:10:14
   |
10 |         0 => assert!(x == 0),
   |              ^^^^^^^^^^^^^^^
   |
   = warning: this was previously accepted by the compiler but is being phased out; it will become a hard error in a future release!
   = note: for more information, see issue #79813 <https://github.com/rust-lang/rust/issues/79813>
   = note: this error originates in the macro `assert` (in Nightly builds, run with -Z macro-backtrace for more info)

error: trailing semicolon in macro used in expression position
  --> src/../../examples/issue-4874-assert-forms.rs:11:14
   |
11 |         _ => assert!(x > 0),
   |              ^^^^^^^^^^^^^^
   |
   = warning: this was previously accepted by the compiler but is being phased out; it will become a hard error in a future release!
   = note: for more information, see issue #79813 <https://github.com/rust-lang/rust/issues/79813>
   = note: this error originates in the macro `assert` (in Nightly builds, run with -Z macro-backtrace for more info)

warning: use of an unstable feature
 --> <crate attribute>:1:12
  |
1 | #![feature(register_tool)]
  |            ^^^^^^^^^^^^^
  |
  = note: requested on the command line with `--force-warn unstable-features`

error: Failed to execute cargo (exit status: 101). Found 4 compilation errors.
   Compiling ruhealth-shared-comparison v0.1.0 (/home/zero/Dev/Nexaaly/RuHealth/comparison)
error: could not compile `ruhealth-shared-comparison` (lib) due to 8 previous errors; 1 warning emitted
