run: results/1790773272070737479-2646990
counterexample: Rust panic call _ZN4core9panicking11panic_const24panic_const_shl_overflow17hc69eab5018f16ee8E at LLVM line 677
function: ruhealth_target | completed paths: 29 | states: 217 | solver queries: 566 | elapsed: 19.393s
[rustPanic] /home/zero/Dev/Nexaaly/RuHealth/fixtures/nexagate-before/hpack/mod.rs:78:18
solver: 486 checks, 1271 assertions, 19.084s
artifact: results/1790773272070737479-2646990/artifact.ll | block visit bound: 32
report: results/1790773272070737479-2646990/RESULT.json
input mapping: input0=a, input1=b, input2=c, input3=d, input4=e, input5=f, input6=g, input7=h, input8=i, input9=j, input10=k, input11=l, input12=len, input13=prefix
((input0 #xcf)
(input1 #xb2)
(input2 #x82)
(input3 #x80)
(input4 #x80)
(input5 #x80)
(input6 #x80)
(input7 #x80)
(input8 #x80)
(input9 #x80)
(input10 #x80)
(input11 #x10)
(input12 #x0c)
(input13 #x04))

